#-----------------------------------------------------------
# Vivado v2018.2 (64-bit)
# SW Build 2258646 on Thu Jun 14 20:03:12 MDT 2018
# IP Build 2256618 on Thu Jun 14 22:10:49 MDT 2018
# Start of session at: Sun Dec  9 21:43:38 2018
# Process ID: 3008
# Current directory: D:/work/academic/cs2204/fall2018/labfiles/exp3vdspring2019hex
# Command line: vivado.exe -gui_launcher_event rodinguilauncherevent4020 D:\work\academic\cs2204\fall2018\labfiles\exp3vdspring2019hex\calculator.xpr
# Log file: D:/work/academic/cs2204/fall2018/labfiles/exp3vdspring2019hex/vivado.log
# Journal file: D:/work/academic/cs2204/fall2018/labfiles/exp3vdspring2019hex\vivado.jou
#-----------------------------------------------------------
start_gui
open_project D:/work/academic/cs2204/fall2018/labfiles/exp3vdspring2019hex/calculator.xpr
update_compile_order -fileset sources_1
close_project
open_project D:/work/academic/cs2204/fall2018/labfiles/exp3vdspring2019/calculator.xpr
update_compile_order -fileset sources_1
open_hw
connect_hw_server
open_hw_target
set_property PROGRAM.FILE {D:/work/academic/cs2204/fall2018/labfiles/exp3vdspring2019/calculator.runs/impl_1/calculator.bit} [get_hw_devices xc7a100t_0]
current_hw_device [get_hw_devices xc7a100t_0]
refresh_hw_device -update_hw_probes false [lindex [get_hw_devices xc7a100t_0] 0]
set_property PROBES.FILE {} [get_hw_devices xc7a100t_0]
set_property FULL_PROBES.FILE {} [get_hw_devices xc7a100t_0]
set_property PROGRAM.FILE {D:/work/academic/cs2204/fall2018/labfiles/exp3vdspring2019/calculator.runs/impl_1/calculator.bit} [get_hw_devices xc7a100t_0]
program_hw_devices [get_hw_devices xc7a100t_0]
refresh_hw_device [lindex [get_hw_devices xc7a100t_0] 0]
reset_run synth_1
launch_runs impl_1 -to_step write_bitstream -jobs 4
wait_on_run impl_1
set_property PROBES.FILE {} [get_hw_devices xc7a100t_0]
set_property FULL_PROBES.FILE {} [get_hw_devices xc7a100t_0]
set_property PROGRAM.FILE {D:/work/academic/cs2204/fall2018/labfiles/exp3vdspring2019/calculator.runs/impl_1/calculator.bit} [get_hw_devices xc7a100t_0]
program_hw_devices [get_hw_devices xc7a100t_0]
refresh_hw_device [lindex [get_hw_devices xc7a100t_0] 0]
